// Jest Snapshot v1, https://goo.gl/fbAQLP

exports[`<MyPokemonList /> should save snapshot for data render of fetch data from the store 1`] = `
ShallowWrapper {
  "length": 1,
  Symbol(enzyme.__root__): [Circular],
  Symbol(enzyme.__unrendered__): <Provider
    store={
        Object {
            "clearActions": [Function],
            "dispatch": [Function],
            "getActions": [Function],
            "getState": [Function],
            "replaceReducer": [Function],
            "subscribe": [Function],
          }
    }
>
    <MemoryRouter>
        <Unknown
            item={
                Array [
                    Object {
                      "pokemon": Object {
                        "name": "Pikachoo",
                      },
                    },
                    Object {
                      "pokemon": Object {
                        "name": "Abc",
                      },
                    },
                    Object {
                      "pokemon": Object {
                        "name": "xyz",
                      },
                    },
                  ]
            }
        />
    </MemoryRouter>
</Provider>,
  Symbol(enzyme.__renderer__): Object {
    "batchedUpdates": [Function],
    "getNode": [Function],
    "render": [Function],
    "simulateEvent": [Function],
    "unmount": [Function],
  },
  Symbol(enzyme.__node__): Object {
    "instance": null,
    "key": undefined,
    "nodeType": "class",
    "props": Object {
      "children": <Unknown
        item={
                Array [
                        Object {
                          "pokemon": Object {
                            "name": "Pikachoo",
                          },
                        },
                        Object {
                          "pokemon": Object {
                            "name": "Abc",
                          },
                        },
                        Object {
                          "pokemon": Object {
                            "name": "xyz",
                          },
                        },
                      ]
        }
/>,
    },
    "ref": null,
    "rendered": Object {
      "instance": null,
      "key": undefined,
      "nodeType": "function",
      "props": Object {
        "item": Array [
          Object {
            "pokemon": Object {
              "name": "Pikachoo",
            },
          },
          Object {
            "pokemon": Object {
              "name": "Abc",
            },
          },
          Object {
            "pokemon": Object {
              "name": "xyz",
            },
          },
        ],
      },
      "ref": null,
      "rendered": null,
      "type": [Function],
    },
    "type": [Function],
  },
  Symbol(enzyme.__nodes__): Array [
    Object {
      "instance": null,
      "key": undefined,
      "nodeType": "class",
      "props": Object {
        "children": <Unknown
          item={
                    Array [
                              Object {
                                "pokemon": Object {
                                  "name": "Pikachoo",
                                },
                              },
                              Object {
                                "pokemon": Object {
                                  "name": "Abc",
                                },
                              },
                              Object {
                                "pokemon": Object {
                                  "name": "xyz",
                                },
                              },
                            ]
          }
/>,
      },
      "ref": null,
      "rendered": Object {
        "instance": null,
        "key": undefined,
        "nodeType": "function",
        "props": Object {
          "item": Array [
            Object {
              "pokemon": Object {
                "name": "Pikachoo",
              },
            },
            Object {
              "pokemon": Object {
                "name": "Abc",
              },
            },
            Object {
              "pokemon": Object {
                "name": "xyz",
              },
            },
          ],
        },
        "ref": null,
        "rendered": null,
        "type": [Function],
      },
      "type": [Function],
    },
  ],
  Symbol(enzyme.__options__): Object {
    "adapter": ReactSixteenAdapter {
      "options": Object {
        "enableComponentDidUpdateOnSetState": true,
      },
    },
  },
}
`;
